27/04/26 15:20:04  INFO [SESSION START] pipeline=ASYNC  buffer=100  drift_deadline=2ms  watchdog_timeout=10s
27/04/26 15:20:04  INFO [WATCHDOG] Started  timeout=10s
27/04/26 15:20:05  INFO [PIPELINE] Connected to Wikipedia SSE stream  pipeline=async
27/04/26 15:20:05  INFO [PIPELINE] First event received  stream_confirmed_live=true  latency=0.37s
27/04/26 15:20:05  INFO 1     bot    SchlurcherBot   commons.wikimedia.org  drift=1.93ms  proc=0.01ms
27/04/26 15:20:05  INFO 2     human  Vitaly Zdanevich   commons.wikimedia.org  drift=15.94ms  proc=0.01ms
27/04/26 15:20:06  INFO 3     bot    Citation bot   en.wikipedia.org  drift=5.06ms  proc=0.01ms
27/04/26 15:20:06  INFO 4     human  Vitaly Zdanevich   commons.wikimedia.org  drift=5.07ms  proc=0.00ms
27/04/26 15:20:06  INFO 5     human  Vitaly Zdanevich   commons.wikimedia.org  drift=5.03ms  proc=0.00ms
27/04/26 15:20:06  INFO 6     human  Vitaly Zdanevich   commons.wikimedia.org  drift=4.99ms  proc=0.00ms
27/04/26 15:20:06  INFO 7     human  Bharatiya Vanijya   hi.wikipedia.org  drift=4.94ms  proc=0.00ms
27/04/26 15:20:06  INFO 8     bot    CheWikibot   ce.wikipedia.org  drift=0.14ms  proc=0.01ms
27/04/26 15:20:06  INFO 9     bot    CheWikibot   ce.wikipedia.org  drift=0.11ms  proc=0.00ms
27/04/26 15:20:06  INFO 10    bot    SchlurcherBot   commons.wikimedia.org  drift=0.07ms  proc=0.00ms
27/04/26 15:20:06  INFO D1: Allocation proof (boundary=3 owned strings, hot_path includes concurrent thread noise) hot_path_allocs=12 boundary_allocs=3 parse_us=16
27/04/26 15:20:06  INFO 11    bot    CheWikibot   ce.wikipedia.org  drift=8.82ms  proc=0.01ms
27/04/26 15:20:06  INFO 12    bot    Luke081515Bot   de.wikipedia.org  drift=8.81ms  proc=0.01ms
27/04/26 15:20:06  INFO 13    bot    ZumrahBot   ur.wikipedia.org  drift=8.78ms  proc=0.00ms
27/04/26 15:20:06  INFO 14    human  Polmars   fr.wikipedia.org  drift=8.73ms  proc=0.00ms
27/04/26 15:20:06  INFO 15    bot    CheWikibot   ce.wikipedia.org  drift=1.81ms  proc=0.01ms
27/04/26 15:20:06  INFO 16    bot    JJMC89 bot III   en.wikipedia.org  drift=1.78ms  proc=0.00ms
27/04/26 15:20:06  INFO 17    human  More Mole   commons.wikimedia.org  drift=1.39ms  proc=0.00ms
27/04/26 15:20:06  INFO 18    bot    JJMC89 bot III   en.wikipedia.org  drift=0.27ms  proc=0.00ms
27/04/26 15:20:06  INFO 19    bot    DPLA bot   commons.wikimedia.org  drift=7.27ms  proc=0.03ms
27/04/26 15:20:06  INFO 20    human  Mheying   www.wikidata.org  drift=0.77ms  proc=0.02ms
27/04/26 15:20:06  INFO 21    bot    Bot-Jagwar   mg.wiktionary.org  drift=0.83ms  proc=0.00ms
27/04/26 15:20:06  INFO 22    human  Djibi91200   fr.wikipedia.org  drift=0.82ms  proc=0.00ms
27/04/26 15:20:06  INFO 23    bot    SchlurcherBot   commons.wikimedia.org  drift=0.78ms  proc=0.00ms
27/04/26 15:20:06  INFO 24    human  Vépi   hu.wikipedia.org  drift=1.28ms  proc=0.01ms
27/04/26 15:20:06  INFO 25    bot    Che-W-bot   ce.wikipedia.org  drift=1.29ms  proc=0.00ms
27/04/26 15:20:06  INFO 26    bot    CheWikibot   ce.wikipedia.org  drift=1.26ms  proc=0.00ms
27/04/26 15:20:06  INFO 27    human  Stephan Klage   de.wikipedia.org  drift=1.23ms  proc=0.00ms
27/04/26 15:20:06  INFO 28    bot    ZumrahBot   ur.wikipedia.org  drift=0.03ms  proc=0.00ms
27/04/26 15:20:06  INFO 29    human  Bowwow   ja.wikipedia.org  drift=3.16ms  proc=0.01ms
27/04/26 15:20:06  INFO 30    human  ڈیلی جھوک   incubator.wikimedia.org  drift=2.18ms  proc=0.00ms
27/04/26 15:20:06  INFO 31    human  More Mole   commons.wikimedia.org  drift=2.14ms  proc=0.00ms
27/04/26 15:20:06  INFO 32    human  Marcocapelle   en.wikipedia.org  drift=2.28ms  proc=0.01ms
27/04/26 15:20:06  INFO 33    human  More Mole   commons.wikimedia.org  drift=2.23ms  proc=0.00ms
27/04/26 15:20:06  INFO 34    bot    SuperGrey-bot   zh.wikisource.org  drift=2.07ms  proc=0.00ms
27/04/26 15:20:06  INFO 35    bot    CheWikibot   ce.wikipedia.org  drift=0.08ms  proc=0.01ms
27/04/26 15:20:06  INFO 36    bot    DPLA bot   commons.wikimedia.org  drift=7.68ms  proc=0.01ms
27/04/26 15:20:06  INFO 37    bot    DOPBot   commons.wikimedia.org  drift=7.62ms  proc=0.00ms
27/04/26 15:20:06  INFO 38    bot    JJMC89 bot III   en.wikipedia.org  drift=0.08ms  proc=0.00ms
27/04/26 15:20:07  INFO 39    bot    SchlurcherBot   commons.wikimedia.org  drift=3.02ms  proc=0.01ms
27/04/26 15:20:07  INFO 40    bot    DPLA bot   commons.wikimedia.org  drift=3.07ms  proc=0.00ms
27/04/26 15:20:07  INFO 41    bot    CheWikibot   ce.wikipedia.org  drift=3.05ms  proc=0.00ms
27/04/26 15:20:07  INFO 42    bot    DPLA bot   commons.wikimedia.org  drift=3.01ms  proc=0.00ms
27/04/26 15:20:07  INFO 43    bot    DPLA bot   commons.wikimedia.org  drift=2.95ms  proc=0.00ms
27/04/26 15:20:07  INFO 44    human  Qhairy   www.wikidata.org  drift=2.91ms  proc=0.00ms
27/04/26 15:20:07  INFO 45    bot    CheWikibot   ce.wikipedia.org  drift=2.86ms  proc=0.00ms
27/04/26 15:20:07  INFO 46    bot    DPLA bot   commons.wikimedia.org  drift=2.20ms  proc=0.00ms
27/04/26 15:20:07  INFO 47    human  Efilguht   fr.wiktionary.org  drift=2.17ms  proc=0.00ms
27/04/26 15:20:07  INFO 48    bot    DPLA bot   commons.wikimedia.org  drift=0.21ms  proc=0.00ms
27/04/26 15:20:07  INFO 49    bot    CheWikibot   ce.wikipedia.org  drift=0.17ms  proc=0.00ms
27/04/26 15:20:07  INFO 50    bot    DPLA bot   commons.wikimedia.org  drift=0.13ms  proc=0.00ms
27/04/26 15:20:07  INFO 51    bot    DPLA bot   commons.wikimedia.org  drift=1.23ms  proc=0.01ms
27/04/26 15:20:07  INFO 52    bot    SchlurcherBot   commons.wikimedia.org  drift=1.27ms  proc=0.00ms
27/04/26 15:20:07  INFO 53    bot    DPLA bot   commons.wikimedia.org  drift=0.43ms  proc=0.00ms
27/04/26 15:20:07  INFO 54    bot    MatSuBot   www.wikidata.org  drift=0.29ms  proc=0.00ms
27/04/26 15:20:07  INFO 55    human  Samoasambia   www.wikidata.org  drift=1.18ms  proc=0.01ms
27/04/26 15:20:07  INFO 56    human  Pallor   www.wikidata.org  drift=1.03ms  proc=0.00ms
27/04/26 15:20:07  INFO 57    human  Samoasambia   www.wikidata.org  drift=0.59ms  proc=0.00ms
27/04/26 15:20:07  INFO 58    bot    SchlurcherBot   commons.wikimedia.org  drift=0.46ms  proc=0.00ms
27/04/26 15:20:07  INFO 59    bot    DOPBot   commons.wikimedia.org  drift=0.08ms  proc=0.00ms
27/04/26 15:20:07  INFO 60    bot    DOPBot   commons.wikimedia.org  drift=0.84ms  proc=0.01ms
27/04/26 15:20:07  INFO 61    human  Ashutosh Gowalikar   en.wikipedia.org  drift=0.34ms  proc=0.00ms
27/04/26 15:20:07  INFO 62    bot    JJMC89 bot III   en.wikipedia.org  drift=0.17ms  proc=0.00ms
27/04/26 15:20:07  INFO 63    bot    JJMC89 bot III   en.wikipedia.org  drift=7.50ms  proc=0.02ms
27/04/26 15:20:08  INFO 64    human  Wood Bucky   ja.wikipedia.org  drift=2.91ms  proc=0.01ms
27/04/26 15:20:08  INFO 65    human  Calle Cool   www.wikidata.org  drift=3.00ms  proc=0.01ms
27/04/26 15:20:08  INFO 66    human  Samoasambia   www.wikidata.org  drift=2.99ms  proc=0.00ms
27/04/26 15:20:08  INFO 67    bot    Rkieferbot   commons.wikimedia.org  drift=2.95ms  proc=0.00ms
27/04/26 15:20:08  INFO 68    human  Vitaly Zdanevich   commons.wikimedia.org  drift=0.09ms  proc=0.00ms
27/04/26 15:20:08  INFO 69    bot    CheWikibot   ce.wikipedia.org  drift=0.06ms  proc=0.00ms
27/04/26 15:20:08  INFO 70    bot    JJMC89 bot III   en.wikipedia.org  drift=0.03ms  proc=0.00ms
27/04/26 15:20:08  INFO 71    bot    JJMC89 bot III   en.wikipedia.org  drift=13.00ms  proc=0.02ms
27/04/26 15:20:08  INFO 72    bot    SchlurcherBot   commons.wikimedia.org  drift=12.61ms  proc=0.02ms
27/04/26 15:20:08  INFO 73    human  Mheying   www.wikidata.org  drift=12.62ms  proc=0.00ms
27/04/26 15:20:08  INFO 74    human  Thelezifor   mg.wikipedia.org  drift=2.52ms  proc=0.02ms
27/04/26 15:20:08  INFO 75    human  Vitaly Zdanevich   commons.wikimedia.org  drift=4.79ms  proc=0.01ms
27/04/26 15:20:08  INFO 76    human  Vitaly Zdanevich   commons.wikimedia.org  drift=11.94ms  proc=0.00ms
27/04/26 15:20:08  INFO 77    human  Vépi   hu.wikipedia.org  drift=1.50ms  proc=0.01ms
27/04/26 15:20:08  INFO 78    bot    SchlurcherBot   commons.wikimedia.org  drift=1.01ms  proc=0.00ms
27/04/26 15:20:08  INFO 79    human  Vitaly Zdanevich   commons.wikimedia.org  drift=0.99ms  proc=0.00ms
27/04/26 15:20:08  INFO 80    human  Vépi   hu.wikipedia.org  drift=0.93ms  proc=0.00ms
27/04/26 15:20:08  INFO 81    human  Vitaly Zdanevich   commons.wikimedia.org  drift=0.07ms  proc=0.00ms
27/04/26 15:20:08  INFO 82    human  Vitaly Zdanevich   commons.wikimedia.org  drift=2.62ms  proc=0.01ms
27/04/26 15:20:08  INFO 83    bot    Rkieferbot   commons.wikimedia.org  drift=2.25ms  proc=0.00ms
27/04/26 15:20:08  INFO 84    bot    Shuaib-bot   www.wikidata.org  drift=1.57ms  proc=0.01ms
27/04/26 15:20:08  INFO 85    bot    XRayBot   commons.wikimedia.org  drift=1.48ms  proc=0.00ms
27/04/26 15:20:08  INFO 86    human  ~2026-24502-66   fr.wikipedia.org  drift=0.35ms  proc=0.00ms
27/04/26 15:20:08  INFO 87    bot    Che-W-bot   ce.wikipedia.org  drift=0.28ms  proc=0.00ms
27/04/26 15:20:08  INFO 88    bot    JJMC89 bot III   en.wikipedia.org  drift=1.67ms  proc=0.01ms
27/04/26 15:20:08  INFO 89    bot    SuperGrey-bot   zh.wikisource.org  drift=1.58ms  proc=0.00ms
27/04/26 15:20:08  INFO 90    human  שילוני   he.wikipedia.org  drift=3.12ms  proc=0.01ms
27/04/26 15:20:09  INFO 91    bot    CheWikibot   ce.wikipedia.org  drift=0.04ms  proc=0.01ms
27/04/26 15:20:09  INFO 92    bot    DPLA bot   commons.wikimedia.org  drift=0.07ms  proc=0.00ms
27/04/26 15:20:09  INFO 93    bot    MatSuBot   www.wikidata.org  drift=0.05ms  proc=0.00ms
27/04/26 15:20:09  INFO 94    human  Joseba65   eu.wikipedia.org  drift=7.48ms  proc=0.01ms
27/04/26 15:20:09  INFO 95    bot    CheWikibot   ce.wikipedia.org  drift=7.49ms  proc=0.01ms
27/04/26 15:20:09  INFO 96    bot    CheWikibot   ce.wikipedia.org  drift=8.03ms  proc=0.01ms
27/04/26 15:20:09  INFO 97    bot    CheWikibot   ce.wikipedia.org  drift=8.03ms  proc=0.00ms
27/04/26 15:20:09  INFO 98    human  Yfujisony   ja.wikipedia.org  drift=1.83ms  proc=0.01ms
27/04/26 15:20:09  INFO 99    human  The Bushranger   commons.wikimedia.org  drift=1.37ms  proc=0.00ms
27/04/26 15:20:09  INFO 100   bot    CheWikibot   ce.wikipedia.org  drift=1.30ms  proc=0.00ms
27/04/26 15:20:09  INFO 101   bot    SchlurcherBot   commons.wikimedia.org  drift=0.02ms  proc=0.00ms
27/04/26 15:20:09  INFO 102   bot    JJMC89 bot III   en.wikipedia.org  drift=1.25ms  proc=0.01ms
27/04/26 15:20:09  INFO 103   bot    SchlurcherBot   commons.wikimedia.org  drift=0.32ms  proc=0.00ms
27/04/26 15:20:09  INFO 104   bot    DPLA bot   commons.wikimedia.org  drift=0.19ms  proc=0.00ms
27/04/26 15:20:09  INFO 105   bot    JJMC89 bot III   en.wikipedia.org  drift=1.25ms  proc=0.00ms
27/04/26 15:20:09  INFO 106   bot    DPLA bot   commons.wikimedia.org  drift=1.14ms  proc=0.00ms
27/04/26 15:20:09  INFO 107   bot    Escarbot   www.wikidata.org  drift=2.69ms  proc=0.01ms
27/04/26 15:20:09  INFO 108   bot    DPLA bot   commons.wikimedia.org  drift=1.74ms  proc=0.00ms
27/04/26 15:20:09  INFO 109   bot    DPLA bot   commons.wikimedia.org  drift=1.67ms  proc=0.00ms
27/04/26 15:20:09  INFO 110   bot    DPLA bot   commons.wikimedia.org  drift=0.05ms  proc=0.00ms
27/04/26 15:20:09  INFO 111   bot    DPLA bot   commons.wikimedia.org  drift=15.56ms  proc=0.02ms
27/04/26 15:20:10  INFO 112   bot    DPLA bot   commons.wikimedia.org  drift=8.47ms  proc=0.01ms
27/04/26 15:20:10  INFO 113   human  Joseba65   eu.wikipedia.org  drift=0.01ms  proc=0.00ms
27/04/26 15:20:10  INFO 114   bot    DPLA bot   commons.wikimedia.org  drift=16.99ms  proc=0.01ms
27/04/26 15:20:10  INFO 115   human  Joseba65   eu.wikipedia.org  drift=1.61ms  proc=0.01ms
27/04/26 15:20:10  INFO 116   bot    DPLA bot   commons.wikimedia.org  drift=1.56ms  proc=0.00ms
27/04/26 15:20:10  INFO 117   bot    CheWikibot   ce.wikipedia.org  drift=1.44ms  proc=0.00ms
27/04/26 15:20:10  INFO 118   bot    MsynBot   www.wikidata.org  drift=0.58ms  proc=0.00ms
27/04/26 15:20:10  INFO 119   bot    CheWikibot   ce.wikipedia.org  drift=0.48ms  proc=0.00ms
27/04/26 15:20:10  INFO 120   bot    IndyJrBot   it.wikipedia.org  drift=0.38ms  proc=0.00ms
27/04/26 15:20:10  INFO 121   bot    CheWikibot   ce.wikipedia.org  drift=1.07ms  proc=0.01ms
27/04/26 15:20:10  INFO 122   bot    CheWikibot   ce.wikipedia.org  drift=0.99ms  proc=0.00ms
27/04/26 15:20:10  INFO 123   bot    SchlurcherBot   commons.wikimedia.org  drift=0.95ms  proc=0.00ms
27/04/26 15:20:10  INFO 124   bot    SchlurcherBot   commons.wikimedia.org  drift=0.87ms  proc=0.00ms
27/04/26 15:20:10  INFO 125   bot    VWF bot   en.wikipedia.org  drift=0.80ms  proc=0.00ms
27/04/26 15:20:10  INFO 126   human  Naive rm   www.wikidata.org  drift=0.38ms  proc=0.00ms
27/04/26 15:20:10  INFO 127   bot    SchlurcherBot   commons.wikimedia.org  drift=3.56ms  proc=0.01ms
27/04/26 15:20:10  INFO 128   human  Jethro8   fr.wikipedia.org  drift=3.49ms  proc=0.00ms
27/04/26 15:20:10  INFO 129   bot    DPLA bot   commons.wikimedia.org  drift=3.40ms  proc=0.00ms
27/04/26 15:20:10  INFO 130   human  JBradyK   www.wikidata.org  drift=13.47ms  proc=0.00ms
27/04/26 15:20:10  INFO 131   human  An insect photographer   www.wikidata.org  drift=4.45ms  proc=0.01ms
27/04/26 15:20:10  INFO 132   bot    JJMC89 bot III   en.wikipedia.org  drift=4.51ms  proc=0.00ms
27/04/26 15:20:11  INFO 133   human  Naive rm   www.wikidata.org  drift=1.92ms  proc=0.02ms
27/04/26 15:20:11  INFO 134   human  Ravan   ar.wikipedia.org  drift=1.88ms  proc=0.00ms
27/04/26 15:20:11  INFO 135   bot    KaleemBot   ur.wikipedia.org  drift=1.33ms  proc=0.00ms
27/04/26 15:20:11  INFO 136   bot    SchlurcherBot   commons.wikimedia.org  drift=0.19ms  proc=0.00ms
27/04/26 15:20:11  INFO 137   human  Dragovit   cs.wikipedia.org  drift=0.09ms  proc=0.00ms
27/04/26 15:20:11  INFO 138   bot    CheWikibot   ce.wikipedia.org  drift=0.06ms  proc=0.00ms
27/04/26 15:20:11  INFO 139   human  Мағыпар   kk.wikipedia.org  drift=0.03ms  proc=0.00ms
27/04/26 15:20:11  INFO 140   human  Mheying   www.wikidata.org  drift=0.90ms  proc=0.01ms
27/04/26 15:20:11  INFO 141   bot    MatSuBot   www.wikidata.org  drift=0.25ms  proc=0.00ms
27/04/26 15:20:11  INFO 142   bot    JJMC89 bot III   en.wikipedia.org  drift=0.11ms  proc=0.00ms
27/04/26 15:20:11  INFO 143   bot    JJMC89 bot III   en.wikipedia.org  drift=1.46ms  proc=0.01ms
27/04/26 15:20:11  INFO 144   bot    DPLA bot   commons.wikimedia.org  drift=1.33ms  proc=0.00ms
27/04/26 15:20:11  INFO 145   bot    DPLA bot   commons.wikimedia.org  drift=1.01ms  proc=0.00ms
27/04/26 15:20:11  INFO 146   bot    DPLA bot   commons.wikimedia.org  drift=0.02ms  proc=0.00ms
27/04/26 15:20:11  INFO 147   bot    Citation bot   en.wikipedia.org  drift=2.34ms  proc=0.02ms
27/04/26 15:20:11  INFO 148   bot    IndyJrBot   it.wikipedia.org  drift=9.21ms  proc=0.01ms
27/04/26 15:20:11  INFO 149   bot    DPLA bot   commons.wikimedia.org  drift=1.25ms  proc=0.01ms
27/04/26 15:20:11  INFO 150   bot    DPLA bot   commons.wikimedia.org  drift=1.30ms  proc=0.00ms
27/04/26 15:20:11  INFO 151   bot    DPLA bot   commons.wikimedia.org  drift=1.27ms  proc=0.00ms
27/04/26 15:20:11  INFO 152   bot    DPLA bot   commons.wikimedia.org  drift=1.24ms  proc=0.00ms
27/04/26 15:20:11  INFO 153   bot    DPLA bot   commons.wikimedia.org  drift=0.16ms  proc=0.00ms
27/04/26 15:20:11  INFO 154   bot    MsynBot   www.wikidata.org  drift=0.13ms  proc=0.00ms
27/04/26 15:20:11  INFO 155   bot    DPLA bot   commons.wikimedia.org  drift=0.10ms  proc=0.00ms
27/04/26 15:20:11  INFO 156   human  Vitaly Zdanevich   commons.wikimedia.org  drift=13.83ms  proc=0.01ms
27/04/26 15:20:12  INFO 157   bot    Rkieferbot   commons.wikimedia.org  drift=1.37ms  proc=0.01ms
27/04/26 15:20:12  INFO 158   human  Мағыпар   kk.wikipedia.org  drift=1.42ms  proc=0.00ms
27/04/26 15:20:12  INFO 159   human  Cavarrone   en.wikipedia.org  drift=0.18ms  proc=0.00ms
27/04/26 15:20:12  INFO 160   bot    EVA3.0 (bot)   ca.wikipedia.org  drift=0.07ms  proc=0.00ms
27/04/26 15:20:12  INFO 161   bot    CheWikibot   ce.wikipedia.org  drift=2.01ms  proc=0.01ms
27/04/26 15:20:12  INFO 162   bot    CheWikibot   ce.wikipedia.org  drift=1.80ms  proc=0.00ms
27/04/26 15:20:12  INFO 163   human  Mosmas   de.wikipedia.org  drift=1.86ms  proc=0.01ms
27/04/26 15:20:12  INFO 164   bot    CheWikibot   ce.wikipedia.org  drift=1.75ms  proc=0.00ms
27/04/26 15:20:12  INFO 165   bot    Rkieferbot   commons.wikimedia.org  drift=0.85ms  proc=0.00ms
27/04/26 15:20:12  INFO 166   bot    CheWikibot   ce.wikipedia.org  drift=0.76ms  proc=0.00ms
27/04/26 15:20:12  INFO 167   human  Sapphaline   ru.wikipedia.org  drift=0.12ms  proc=0.00ms
27/04/26 15:20:12  INFO 168   human  FloddyJump   it.wikipedia.org  drift=1.21ms  proc=0.01ms
27/04/26 15:20:12  INFO 169   human  Vitaly Zdanevich   commons.wikimedia.org  drift=0.33ms  proc=0.00ms
27/04/26 15:20:12  INFO 170   human  Störfix   de.wikipedia.org  drift=0.21ms  proc=0.00ms
27/04/26 15:20:12  INFO 171   bot    CheWikibot   ce.wikipedia.org  drift=0.11ms  proc=0.00ms
27/04/26 15:20:12  INFO 172   human  Vitaly Zdanevich   commons.wikimedia.org  drift=5.04ms  proc=0.01ms
27/04/26 15:20:12  INFO 173   bot    SuperGrey-bot   zh.wikisource.org  drift=9.25ms  proc=0.01ms
27/04/26 15:20:12  INFO 174   human  Vitaly Zdanevich   commons.wikimedia.org  drift=5.92ms  proc=0.01ms
27/04/26 15:20:12  INFO 175   bot    Che-W-bot   ce.wikipedia.org  drift=8.44ms  proc=0.02ms
27/04/26 15:20:12  INFO 176   bot    Citation bot   en.wikipedia.org  drift=8.49ms  proc=0.00ms
27/04/26 15:20:12  INFO 177   human  Vitaly Zdanevich   commons.wikimedia.org  drift=8.45ms  proc=0.00ms
27/04/26 15:20:12  INFO 178   human  Vitaly Zdanevich   commons.wikimedia.org  drift=8.40ms  proc=0.00ms
27/04/26 15:20:12  INFO 179   human  Sunshine1191   en.wiktionary.org  drift=8.76ms  proc=0.01ms
27/04/26 15:20:12  INFO 180   bot    SchlurcherBot   commons.wikimedia.org  drift=8.76ms  proc=0.00ms
27/04/26 15:20:12  INFO 181   bot    SchlurcherBot   commons.wikimedia.org  drift=8.71ms  proc=0.00ms
27/04/26 15:20:12  INFO 182   human  Robert Weemeyer   commons.wikimedia.org  drift=8.54ms  proc=0.00ms
27/04/26 15:20:12  INFO 183   human  Sj1mor   www.wikidata.org  drift=1.10ms  proc=0.02ms
27/04/26 15:20:12  INFO 184   bot    OAbot   en.wikipedia.org  drift=0.10ms  proc=0.01ms
27/04/26 15:20:12  INFO 185   human  Contributor19   en.wikipedia.org  drift=6.62ms  proc=0.01ms
27/04/26 15:20:12  INFO 186   bot    DOPBot   commons.wikimedia.org  drift=1.70ms  proc=0.01ms
27/04/26 15:20:12  INFO 187   human  Liangyusheng wuxia   en.wikipedia.org  drift=1.06ms  proc=0.00ms
27/04/26 15:20:12  INFO 188   bot    Rkieferbot   commons.wikimedia.org  drift=0.81ms  proc=0.00ms
27/04/26 15:20:12  INFO 189   bot    CheWikibot   ce.wikipedia.org  drift=0.01ms  proc=0.00ms
27/04/26 15:20:12  INFO 190   bot    Bot-Jagwar   mg.wiktionary.org  drift=6.47ms  proc=0.01ms
27/04/26 15:20:12  INFO 191   bot    JJMC89 bot III   en.wikipedia.org  drift=6.17ms  proc=0.00ms
27/04/26 15:20:12  INFO 192   bot    CheWikibot   ce.wikipedia.org  drift=5.70ms  proc=0.00ms
27/04/26 15:20:12  INFO 193   bot    CheWikibot   ce.wikipedia.org  drift=0.04ms  proc=0.00ms
27/04/26 15:20:13  INFO 194   bot    SchlurcherBot   commons.wikimedia.org  drift=1.67ms  proc=0.02ms
27/04/26 15:20:13  INFO 195   bot    CheWikibot   ce.wikipedia.org  drift=1.57ms  proc=0.00ms
27/04/26 15:20:13  INFO 196   human  Robert Weemeyer   commons.wikimedia.org  drift=1.46ms  proc=0.00ms
27/04/26 15:20:13  INFO 197   human  Robert Weemeyer   commons.wikimedia.org  drift=1.37ms  proc=0.00ms
27/04/26 15:20:13  INFO 198   human  Cloptonson   en.wikipedia.org  drift=1.30ms  proc=0.00ms
27/04/26 15:20:13  INFO 199   human  Epìdosis   www.wikidata.org  drift=1.21ms  proc=0.00ms
27/04/26 15:20:13  INFO 200   bot    SchlurcherBot   commons.wikimedia.org  drift=0.47ms  proc=0.00ms
27/04/26 15:20:13  INFO 201   bot    Citation bot   en.wikipedia.org  drift=0.39ms  proc=0.00ms
27/04/26 15:20:13  INFO 202   human  Mheying   www.wikidata.org  drift=0.27ms  proc=0.00ms
27/04/26 15:20:13  INFO 203   bot    Omega Bot   it.wikipedia.org  drift=0.21ms  proc=0.00ms
27/04/26 15:20:13  INFO 204   bot    DPLA bot   commons.wikimedia.org  drift=0.74ms  proc=0.01ms
27/04/26 15:20:13  INFO 205   bot    MatSuBot   www.wikidata.org  drift=0.62ms  proc=0.00ms
27/04/26 15:20:13  INFO 206   human  Jethro8   fr.wikipedia.org  drift=0.47ms  proc=0.00ms
27/04/26 15:20:13  INFO 207   bot    Citation bot   en.wikipedia.org  drift=0.30ms  proc=0.00ms
27/04/26 15:20:13  INFO 208   human  ~2026-25711-58   ko.wikipedia.org  drift=0.22ms  proc=0.00ms
27/04/26 15:20:13  INFO 209   human  John Wallance   en.wikipedia.org  drift=0.11ms  proc=0.00ms
27/04/26 15:20:13  INFO 210   bot    Citation bot   en.wikipedia.org  drift=8.26ms  proc=0.01ms
27/04/26 15:20:14  INFO 211   bot    JJMC89 bot III   en.wikipedia.org  drift=1.92ms  proc=0.01ms
27/04/26 15:20:14  INFO 212   bot    JJMC89 bot III   en.wikipedia.org  drift=1.88ms  proc=0.00ms
27/04/26 15:20:14  INFO 213   human  Altenmann   en.wikipedia.org  drift=0.95ms  proc=0.00ms
27/04/26 15:20:14  INFO 214   human  Pallor   www.wikidata.org  drift=0.83ms  proc=0.00ms
27/04/26 15:20:14  INFO 215   bot    MsynBot   www.wikidata.org  drift=0.69ms  proc=0.00ms
27/04/26 15:20:14  INFO 216   bot    SchlurcherBot   commons.wikimedia.org  drift=0.12ms  proc=0.00ms
27/04/26 15:20:14  INFO 217   human  ~2026-17800-97   it.wikipedia.org  drift=0.97ms  proc=0.01ms
27/04/26 15:20:14  INFO 218   bot    SchlurcherBot   commons.wikimedia.org  drift=0.05ms  proc=0.00ms
27/04/26 15:20:14  INFO 219   human  高晶   www.wikidata.org  drift=1.83ms  proc=0.01ms
27/04/26 15:20:14  INFO 220   human  JMRR-UAM   www.wikidata.org  drift=1.05ms  proc=0.00ms
27/04/26 15:20:14  INFO 221   human  Ben Skála   www.wikidata.org  drift=0.92ms  proc=0.00ms
27/04/26 15:20:14  INFO 222   bot    DPLA bot   commons.wikimedia.org  drift=0.13ms  proc=0.00ms
27/04/26 15:20:14  INFO 223   bot    SchlurcherBot   commons.wikimedia.org  drift=2.50ms  proc=0.01ms
27/04/26 15:20:14  INFO 224   bot    DPLA bot   commons.wikimedia.org  drift=1.75ms  proc=0.00ms
27/04/26 15:20:14  INFO 225   bot    DPLA bot   commons.wikimedia.org  drift=1.54ms  proc=0.00ms
27/04/26 15:20:14  INFO 226   bot    DPLA bot   commons.wikimedia.org  drift=0.05ms  proc=0.00ms
27/04/26 15:20:14  INFO 227   bot    DPLA bot   commons.wikimedia.org  drift=1.70ms  proc=0.01ms
27/04/26 15:20:14  INFO [DRIFT 10s] human p50=1.50ms p90=8.45ms p99=15.94ms misses=34 trend=↑  |  bot p50=1.27ms p90=8.26ms p99=15.56ms misses=43 trend=↑
27/04/26 15:20:14  WARN [DRIFT ALERT] 33.9% of events exceeded 2ms queue wait  human_misses=34  bot_misses=43  — processor may be falling behind ingestion rate
27/04/26 15:20:14  INFO 228   bot    SchlurcherBot   commons.wikimedia.org  drift=1.77ms  proc=0.00ms
27/04/26 15:20:14  INFO 229   bot    DPLA bot   commons.wikimedia.org  drift=1.70ms  proc=0.00ms
27/04/26 15:20:14  INFO 230   bot    DPLA bot   commons.wikimedia.org  drift=1.09ms  proc=0.00ms
27/04/26 15:20:14  INFO 231   human  Xezbeth   www.wikidata.org  drift=0.08ms  proc=0.00ms
27/04/26 15:20:14  INFO 232   bot    Citation bot   en.wikipedia.org  drift=1.72ms  proc=0.01ms
27/04/26 15:20:14  INFO 233   bot    DPLA bot   commons.wikimedia.org  drift=1.11ms  proc=0.00ms
27/04/26 15:20:14  INFO 234   bot    XRayBot   commons.wikimedia.org  drift=0.36ms  proc=0.00ms
27/04/26 15:20:14  INFO 235   bot    CheWikibot   ce.wikipedia.org  drift=0.25ms  proc=0.00ms
27/04/26 15:20:14  INFO 236   bot    DPLA bot   commons.wikimedia.org  drift=1.42ms  proc=0.01ms
27/04/26 15:20:14  INFO 237   human  JMRR-UAM   www.wikidata.org  drift=1.32ms  proc=0.00ms
27/04/26 15:20:14  INFO 238   bot    Citation bot   en.wikipedia.org  drift=0.90ms  proc=0.00ms
27/04/26 15:20:14  INFO 239   human  Spartaz   en.wikipedia.org  drift=0.04ms  proc=0.00ms
27/04/26 15:20:14  INFO 240   bot    Citation bot   en.wikipedia.org  drift=2.18ms  proc=0.01ms
27/04/26 15:20:14  INFO 241   bot    ListeriaBot   cy.wikipedia.org  drift=2.08ms  proc=0.00ms
27/04/26 15:20:14  INFO 242   human  ~2026-25600-43   en.wikipedia.org  drift=0.02ms  proc=0.00ms
27/04/26 15:20:14  INFO 243   human  PowerBUL   bg.wikipedia.org  drift=16.55ms  proc=0.00ms
27/04/26 15:20:14  INFO 244   bot    JJMC89 bot III   en.wikipedia.org  drift=1.19ms  proc=0.01ms
27/04/26 15:20:14  INFO 245   human  JMRR-UAM   www.wikidata.org  drift=1.17ms  proc=0.00ms
27/04/26 15:20:14  INFO 246   human  Vitaly Zdanevich   commons.wikimedia.org  drift=8.70ms  proc=0.01ms
27/04/26 15:20:14  INFO 247   human  Sunshine1191   en.wiktionary.org  drift=8.64ms  proc=0.00ms
27/04/26 15:20:14  INFO 248   bot    Citation bot   en.wikipedia.org  drift=7.87ms  proc=0.00ms
27/04/26 15:20:14  INFO 249   human  Sunshine1191   en.wiktionary.org  drift=0.12ms  proc=0.00ms
27/04/26 15:20:14  INFO 250   human  Sunshine1191   en.wiktionary.org  drift=0.02ms  proc=0.00ms
27/04/26 15:20:14  INFO 251   bot    SchlurcherBot   commons.wikimedia.org  drift=6.27ms  proc=0.01ms
27/04/26 15:20:15  INFO 252   bot    XRayBot   commons.wikimedia.org  drift=2.02ms  proc=0.01ms
27/04/26 15:20:15  INFO 253   human  Cavarrone   en.wikipedia.org  drift=0.01ms  proc=0.00ms
27/04/26 15:20:15  INFO 254   human  Spartaz   en.wikipedia.org  drift=1.38ms  proc=0.01ms
27/04/26 15:20:15  INFO 255   human  Cavarrone   en.wikipedia.org  drift=1.31ms  proc=0.00ms
27/04/26 15:20:15  INFO 256   human  MatSuBot   www.wikidata.org  drift=1.22ms  proc=0.00ms
27/04/26 15:20:15  INFO 257   human  Cavarrone   en.wikipedia.org  drift=1.12ms  proc=0.00ms
27/04/26 15:20:15  INFO 258   bot    CheWikibot   ce.wikipedia.org  drift=1.74ms  proc=0.00ms
27/04/26 15:20:15  INFO 259   human  Cavarrone   en.wikipedia.org  drift=1.74ms  proc=0.00ms
27/04/26 15:20:15  INFO 260   bot    CheWikibot   ce.wikipedia.org  drift=1.72ms  proc=0.00ms
27/04/26 15:20:15  INFO 261   human  Theguycalledrae   en.wikipedia.org  drift=0.24ms  proc=0.00ms
27/04/26 15:20:15  INFO 262   human  JMRR-UAM   www.wikidata.org  drift=0.15ms  proc=0.00ms
27/04/26 15:20:15  INFO 263   bot    MatSuBot   www.wikidata.org  drift=0.06ms  proc=0.00ms
27/04/26 15:20:15  INFO 264   bot    CheWikibot   ce.wikipedia.org  drift=0.01ms  proc=0.00ms
27/04/26 15:20:15  INFO 265   bot    CheWikibot   ce.wikipedia.org  drift=0.89ms  proc=0.01ms
27/04/26 15:20:15  INFO 266   human  Wood Bucky   ja.wikipedia.org  drift=0.77ms  proc=0.00ms
27/04/26 15:20:15  INFO 267   bot    SchlurcherBot   commons.wikimedia.org  drift=2.83ms  proc=0.01ms
27/04/26 15:20:15  INFO 268   human  Vitaly Zdanevich   commons.wikimedia.org  drift=1.23ms  proc=0.01ms
27/04/26 15:20:15  INFO 269   human  Vitaly Zdanevich   commons.wikimedia.org  drift=0.05ms  proc=0.00ms
27/04/26 15:20:15  INFO 270   bot    Rkieferbot   commons.wikimedia.org  drift=12.27ms  proc=0.01ms
27/04/26 15:20:15  INFO 271   human  Vitaly Zdanevich   commons.wikimedia.org  drift=3.79ms  proc=0.01ms
27/04/26 15:20:15  INFO 272   human  Vitaly Zdanevich   commons.wikimedia.org  drift=0.34ms  proc=0.01ms
27/04/26 15:20:15  INFO 273   human  Spartaz   en.wikipedia.org  drift=0.30ms  proc=0.00ms
27/04/26 15:20:15  INFO 274   human  Vitaly Zdanevich   commons.wikimedia.org  drift=2.88ms  proc=0.01ms
27/04/26 15:20:15  INFO 275   human  Zieglhar   commons.wikimedia.org  drift=2.84ms  proc=0.00ms
27/04/26 15:20:15  INFO 276   human  Spartaz   en.wikipedia.org  drift=2.20ms  proc=0.00ms
27/04/26 15:20:15  INFO 277   human  Spartaz   en.wikipedia.org  drift=1.76ms  proc=0.00ms
27/04/26 15:20:15  INFO 278   human  RLNn   commons.wikimedia.org  drift=0.09ms  proc=0.00ms
27/04/26 15:20:15  INFO 279   human  Araz Yaquboglu   az.wikipedia.org  drift=11.68ms  proc=0.01ms
27/04/26 15:20:16  INFO 280   bot    JJMC89 bot III   en.wikipedia.org  drift=1.85ms  proc=0.01ms
27/04/26 15:20:16  INFO 281   bot    JJMC89 bot III   en.wikipedia.org  drift=1.88ms  proc=0.00ms
27/04/26 15:20:16  INFO 282   human  Spartaz   en.wikipedia.org  drift=0.90ms  proc=0.00ms
27/04/26 15:20:16  INFO 283   human  Mheying   www.wikidata.org  drift=0.85ms  proc=0.00ms
27/04/26 15:20:16  INFO 284   human  René Thiemann   de.wikipedia.org  drift=0.13ms  proc=0.00ms
27/04/26 15:20:16  INFO 285   human  Spartaz   en.wikipedia.org  drift=0.03ms  proc=0.00ms
27/04/26 15:20:16  INFO 286   bot    DPLA bot   commons.wikimedia.org  drift=1.09ms  proc=0.01ms
27/04/26 15:20:16  INFO 287   bot    SuperGrey-bot   zh.wikisource.org  drift=2.05ms  proc=0.01ms
27/04/26 15:20:16  INFO 288   bot    SchlurcherBot   commons.wikimedia.org  drift=1.96ms  proc=0.00ms
27/04/26 15:20:16  INFO 289   human  Zieglhar   commons.wikimedia.org  drift=1.65ms  proc=0.00ms
27/04/26 15:20:16  INFO 290   bot    Che-W-bot   ce.wikipedia.org  drift=1.18ms  proc=0.00ms
27/04/26 15:20:16  INFO 291   bot    Rkieferbot   commons.wikimedia.org  drift=1.02ms  proc=0.00ms
27/04/26 15:20:16  INFO 292   human  Araz Yaquboglu   az.wikipedia.org  drift=0.11ms  proc=0.00ms
27/04/26 15:20:16  INFO 293   human  RLNn   commons.wikimedia.org  drift=2.07ms  proc=0.01ms
27/04/26 15:20:16  INFO 294   human  Nikorakyshka   uk.wikipedia.org  drift=1.82ms  proc=0.02ms
27/04/26 15:20:16  INFO 295   human  Willtron   an.wikipedia.org  drift=13.50ms  proc=0.00ms
27/04/26 15:20:16  INFO 296   bot    XRayBot   commons.wikimedia.org  drift=1.81ms  proc=0.01ms
27/04/26 15:20:16  INFO 297   bot    CheWikibot   ce.wikipedia.org  drift=1.07ms  proc=0.00ms
27/04/26 15:20:16  INFO 298   bot    MsynBot   www.wikidata.org  drift=0.96ms  proc=0.00ms
27/04/26 15:20:16  INFO 299   human  Hellohappy   or.wikipedia.org  drift=0.11ms  proc=0.00ms
27/04/26 15:20:16  INFO 300   human  Spartaz   www.wikidata.org  drift=0.07ms  proc=0.00ms
27/04/26 15:20:16  INFO 301   bot    XRayBot   commons.wikimedia.org  drift=1.97ms  proc=0.01ms
27/04/26 15:20:16  INFO 302   bot    SchlurcherBot   commons.wikimedia.org  drift=10.98ms  proc=0.01ms
27/04/26 15:20:16  INFO 303   human  ~2026-25665-57   en.wikipedia.org  drift=5.90ms  proc=0.01ms
27/04/26 15:20:16  INFO 304   human  ~2026-25665-57   en.wikipedia.org  drift=8.68ms  proc=0.01ms
27/04/26 15:20:16  INFO 305   bot    CheWikibot   ce.wikipedia.org  drift=7.01ms  proc=0.01ms
27/04/26 15:20:16  INFO 306   human  Стефанко1982   uk.wikipedia.org  drift=2.49ms  proc=0.01ms
27/04/26 15:20:17  INFO 307   bot    DPLA bot   commons.wikimedia.org  drift=7.69ms  proc=0.01ms
27/04/26 15:20:17  INFO 308   bot    Mr.Ibrahembot   www.wikidata.org  drift=10.41ms  proc=0.01ms
27/04/26 15:20:17  INFO 309   bot    CheWikibot   ce.wikipedia.org  drift=11.79ms  proc=0.01ms
27/04/26 15:20:17  INFO 310   bot    DOPBot   commons.wikimedia.org  drift=14.89ms  proc=0.02ms
27/04/26 15:20:17  INFO 311   bot    CheWikibot   ce.wikipedia.org  drift=14.58ms  proc=0.01ms
27/04/26 15:20:17  INFO 312   bot    DPLA bot   commons.wikimedia.org  drift=13.53ms  proc=0.01ms
27/04/26 15:20:17  INFO 313   bot    CheWikibot   ce.wikipedia.org  drift=13.58ms  proc=0.00ms
27/04/26 15:20:17  INFO 314   human  Nikorakyshka   uk.wikipedia.org  drift=13.56ms  proc=0.00ms
27/04/26 15:20:17  INFO 315   bot    DPLA bot   commons.wikimedia.org  drift=12.90ms  proc=0.01ms
27/04/26 15:20:17  INFO 316   bot    SchlurcherBot   commons.wikimedia.org  drift=12.65ms  proc=0.01ms
27/04/26 15:20:17  INFO 317   bot    DPLA bot   commons.wikimedia.org  drift=11.91ms  proc=0.00ms
27/04/26 15:20:17  INFO 318   bot    DPLA bot   commons.wikimedia.org  drift=12.36ms  proc=0.01ms
27/04/26 15:20:17  INFO 319   bot    DPLA bot   commons.wikimedia.org  drift=2.77ms  proc=0.01ms
27/04/26 15:20:17  INFO 320   human  Ravan   ar.wikipedia.org  drift=4.47ms  proc=0.01ms
27/04/26 15:20:17  INFO 321   bot    DPLA bot   commons.wikimedia.org  drift=7.44ms  proc=0.01ms
27/04/26 15:20:17  INFO 322   bot    DPLA bot   commons.wikimedia.org  drift=10.24ms  proc=0.02ms
27/04/26 15:20:17  INFO 323   human  PortusCaleDraco   fr.wikipedia.org  drift=10.62ms  proc=0.01ms
27/04/26 15:20:17  INFO 324   bot    DPLA bot   commons.wikimedia.org  drift=3.61ms  proc=0.01ms
27/04/26 15:20:17  INFO 325   human  ブルーメンタール   commons.wikimedia.org  drift=11.34ms  proc=0.01ms
27/04/26 15:20:17  INFO 326   bot    DPLA bot   commons.wikimedia.org  drift=0.01ms  proc=0.00ms
27/04/26 15:20:17  INFO 327   human  Aue Nai   mnw.wikipedia.org  drift=15.52ms  proc=0.01ms
27/04/26 15:20:17  INFO 328   bot    JJMC89 bot III   en.wikipedia.org  drift=15.49ms  proc=0.00ms
27/04/26 15:20:17  INFO 329   bot    MatSuBot   www.wikidata.org  drift=13.67ms  proc=0.01ms
27/04/26 15:20:17  INFO 330   bot    Mr.Ibrahembot   www.wikidata.org  drift=13.63ms  proc=0.00ms
27/04/26 15:20:17  INFO 331   bot    Omega Bot   it.wikipedia.org  drift=13.52ms  proc=0.00ms
27/04/26 15:20:17  INFO 332   human  Ohayobabe   ja.wikipedia.org  drift=6.76ms  proc=0.02ms
27/04/26 15:20:17  INFO 333   human  Tumuheirwe   incubator.wikimedia.org  drift=5.98ms  proc=0.02ms
27/04/26 15:20:17  INFO 334   human  Calle Cool   www.wikidata.org  drift=9.11ms  proc=0.02ms
27/04/26 15:20:17  INFO 335   human  Spartaz   en.wikipedia.org  drift=9.19ms  proc=0.00ms
27/04/26 15:20:17  INFO 336   human  Rajasekhar1961   commons.wikimedia.org  drift=11.44ms  proc=0.02ms
27/04/26 15:20:17  INFO 337   bot    Mr.Ibrahembot   www.wikidata.org  drift=11.34ms  proc=0.00ms
27/04/26 15:20:18  INFO 338   bot    Mr.Ibrahembot   ar.wikipedia.org  drift=2.14ms  proc=0.01ms
27/04/26 15:20:18  INFO 339   bot    SuperGrey-bot   zh.wikisource.org  drift=6.27ms  proc=0.01ms
27/04/26 15:20:18  INFO 340   bot    DOPBot   commons.wikimedia.org  drift=14.27ms  proc=0.01ms
27/04/26 15:20:18  INFO 341   bot    DOPBot   commons.wikimedia.org  drift=14.24ms  proc=0.00ms
27/04/26 15:20:18  INFO 342   human  ブルーメンタール   commons.wikimedia.org  drift=0.01ms  proc=0.00ms
27/04/26 15:20:18  INFO 343   human  Aue Nai   mnw.wikipedia.org  drift=14.29ms  proc=0.01ms
27/04/26 15:20:18  INFO 344   human  ~2026-25034-27   sv.wiktionary.org  drift=1.98ms  proc=0.01ms
27/04/26 15:20:18  INFO 345   human  ブルーメンタール   commons.wikimedia.org  drift=1.90ms  proc=0.00ms
27/04/26 15:20:18  INFO 346   human  Aue Nai   mnw.wikipedia.org  drift=7.37ms  proc=0.01ms
27/04/26 15:20:18  INFO 347   bot    SchlurcherBot   commons.wikimedia.org  drift=10.33ms  proc=0.01ms
27/04/26 15:20:18  INFO 348   human  Aue Nai   mnw.wikipedia.org  drift=10.21ms  proc=0.00ms
27/04/26 15:20:18  INFO 349   bot    SchlurcherBot   commons.wikimedia.org  drift=0.01ms  proc=0.00ms
27/04/26 15:20:18  INFO 350   human  Aue Nai   mnw.wikipedia.org  drift=7.23ms  proc=0.01ms
27/04/26 15:20:18  INFO 351   bot    CheWikibot   ce.wikipedia.org  drift=7.16ms  proc=0.00ms
27/04/26 15:20:18  INFO 352   bot    Mr.Ibrahembot   www.wikidata.org  drift=13.48ms  proc=0.04ms
27/04/26 15:20:18  INFO 353   human  Rajasekhar1961   commons.wikimedia.org  drift=13.41ms  proc=0.00ms
27/04/26 15:20:18  INFO 354   human  Samoasambia   www.wikidata.org  drift=14.72ms  proc=0.01ms
27/04/26 15:20:18  INFO 355   bot    DPLA bot   commons.wikimedia.org  drift=7.16ms  proc=0.01ms
27/04/26 15:20:18  INFO 356   bot    Mr.Ibrahembot   www.wikidata.org  drift=7.22ms  proc=0.00ms
27/04/26 15:20:18  INFO 357   human  Mheying   www.wikidata.org  drift=7.21ms  proc=0.00ms
27/04/26 15:20:18  INFO 358   bot    SchlurcherBot   commons.wikimedia.org  drift=7.21ms  proc=0.00ms
27/04/26 15:20:18  INFO 359   bot    SchlurcherBot   commons.wikimedia.org  drift=0.07ms  proc=0.00ms
27/04/26 15:20:18  INFO 360   human  Mutumi-23   ja.wikipedia.org  drift=0.05ms  proc=0.00ms
27/04/26 15:20:18  INFO 361   human  Celeda   commons.wikimedia.org  drift=9.78ms  proc=0.01ms
27/04/26 15:20:18  INFO 362   bot    XRayBot   commons.wikimedia.org  drift=4.34ms  proc=0.02ms
27/04/26 15:20:18  INFO 363   human  Samoasambia   www.wikidata.org  drift=0.25ms  proc=0.01ms
27/04/26 15:20:18  INFO 364   bot    Mr.Ibrahembot   www.wikidata.org  drift=7.43ms  proc=0.01ms
27/04/26 15:20:18  INFO 365   human  ~2026-25524-94   en.wiktionary.org  drift=7.36ms  proc=0.00ms
27/04/26 15:20:18  INFO 366   human  Arch2all   www.wikidata.org  drift=0.01ms  proc=0.00ms
27/04/26 15:20:18  INFO 367   human  FloddyJump   it.wikipedia.org  drift=8.40ms  proc=0.01ms
27/04/26 15:20:18  INFO 368   bot    CheWikibot   ce.wikipedia.org  drift=8.28ms  proc=0.00ms
27/04/26 15:20:18  INFO 369   bot    CheWikibot   ce.wikipedia.org  drift=0.01ms  proc=0.00ms
27/04/26 15:20:18  INFO 370   bot    MsynBot   www.wikidata.org  drift=3.02ms  proc=0.01ms
27/04/26 15:20:18  INFO 371   bot    CheWikibot   ce.wikipedia.org  drift=6.46ms  proc=0.01ms
27/04/26 15:20:18  INFO 372   bot    SchlurcherBot   commons.wikimedia.org  drift=6.38ms  proc=0.00ms
27/04/26 15:20:18  INFO 373   bot    CheWikibot   ce.wikipedia.org  drift=0.01ms  proc=0.00ms
27/04/26 15:20:18  INFO 374   human  Samoasambia   www.wikidata.org  drift=5.00ms  proc=0.01ms
27/04/26 15:20:18  INFO 375   bot    Che-W-bot   ce.wikipedia.org  drift=6.15ms  proc=0.01ms
27/04/26 15:20:18  INFO 376   bot    Rkieferbot   commons.wikimedia.org  drift=7.85ms  proc=0.01ms
27/04/26 15:20:18  INFO 377   bot    SchlurcherBot   commons.wikimedia.org  drift=7.74ms  proc=0.00ms
27/04/26 15:20:18  INFO 378   human  ~2026-25034-27   sv.wiktionary.org  drift=1.46ms  proc=0.01ms
27/04/26 15:20:18  INFO 379   human  ~2026-25034-27   sv.wiktionary.org  drift=0.01ms  proc=0.00ms
27/04/26 15:20:18  INFO 380   human  Shihab Farabi Masum   bn.wikipedia.org  drift=4.13ms  proc=0.01ms
27/04/26 15:20:18  INFO 381   bot    Mr.Ibrahembot   ar.wikipedia.org  drift=3.99ms  proc=0.00ms
27/04/26 15:20:18  INFO 382   human  ~2026-25034-27   sv.wiktionary.org  drift=3.86ms  proc=0.00ms
27/04/26 15:20:19  INFO 383   bot    Mr.Ibrahembot   www.wikidata.org  drift=1.41ms  proc=0.01ms
27/04/26 15:20:19  INFO 384   human  ~2026-25668-62   id.wikipedia.org  drift=3.43ms  proc=0.01ms
27/04/26 15:20:19  INFO 385   bot    Mr.Ibrahembot   ar.wikipedia.org  drift=6.05ms  proc=0.01ms
27/04/26 15:20:19  INFO 386   human  ~2026-25034-27   sv.wiktionary.org  drift=5.97ms  proc=0.00ms
27/04/26 15:20:19  INFO 387   human  Spartaz   en.wikipedia.org  drift=0.04ms  proc=0.00ms
27/04/26 15:20:19  INFO 388   human  Tem Bary Palit   zh.wikipedia.org  drift=2.05ms  proc=0.01ms
27/04/26 15:20:19  INFO 389   bot    Mr.Ibrahembot   ar.wikipedia.org  drift=10.47ms  proc=0.01ms
27/04/26 15:20:19  INFO 390   bot    Mr.Ibrahembot   ar.wikipedia.org  drift=4.23ms  proc=0.01ms
27/04/26 15:20:19  INFO 391   bot    DPLA bot   commons.wikimedia.org  drift=2.47ms  proc=0.01ms
27/04/26 15:20:19  INFO 392   bot    Mr.Ibrahembot   ar.wikipedia.org  drift=0.02ms  proc=0.00ms
27/04/26 15:20:19  INFO 393   bot    DPLA bot   commons.wikimedia.org  drift=6.73ms  proc=0.01ms
27/04/26 15:20:19  INFO 394   bot    Mr.Ibrahembot   ar.wikipedia.org  drift=6.63ms  proc=0.00ms
27/04/26 15:20:19  INFO 395   bot    SuperGrey-bot   zh.wikisource.org  drift=3.51ms  proc=0.00ms
27/04/26 15:20:19  INFO 396   bot    DPLA bot   commons.wikimedia.org  drift=5.46ms  proc=0.01ms
27/04/26 15:20:19  INFO 397   bot    Mr.Ibrahembot   ar.wikipedia.org  drift=5.36ms  proc=0.00ms
27/04/26 15:20:19  INFO 398   bot    DPLA bot   commons.wikimedia.org  drift=5.04ms  proc=0.01ms
27/04/26 15:20:19  INFO 399   bot    Mr.Ibrahembot   ar.wikipedia.org  drift=1.92ms  proc=0.00ms
27/04/26 15:20:19  INFO 400   bot    DPLA bot   commons.wikimedia.org  drift=1.76ms  proc=0.00ms
27/04/26 15:20:19  INFO 401   bot    XRayBot   commons.wikimedia.org  drift=5.73ms  proc=0.01ms
27/04/26 15:20:19  INFO 402   human  Pallor   www.wikidata.org  drift=6.19ms  proc=0.00ms
27/04/26 15:20:19  INFO 403   bot    DPLA bot   commons.wikimedia.org  drift=6.06ms  proc=0.00ms
27/04/26 15:20:19  INFO 404   bot    Mr.Ibrahembot   ar.wikipedia.org  drift=0.12ms  proc=0.01ms
27/04/26 15:20:19  INFO 405   bot    DPLA bot   commons.wikimedia.org  drift=1.63ms  proc=0.01ms
27/04/26 15:20:19  INFO 406   bot    Mr.Ibrahembot   ar.wikipedia.org  drift=0.02ms  proc=0.00ms
27/04/26 15:20:19  INFO 407   bot    Mr.Ibrahembot   www.wikidata.org  drift=5.31ms  proc=0.01ms
27/04/26 15:20:19  INFO 408   bot    Mr.Ibrahembot   ar.wikipedia.org  drift=5.29ms  proc=0.00ms
27/04/26 15:20:19  INFO 409   bot    IndyJrBot   it.wikipedia.org  drift=3.01ms  proc=0.01ms
27/04/26 15:20:19  INFO 410   bot    DPLA bot   commons.wikimedia.org  drift=5.34ms  proc=0.01ms
27/04/26 15:20:19  INFO 411   bot    DPLA bot   commons.wikimedia.org  drift=5.17ms  proc=0.00ms
27/04/26 15:20:19  INFO 412   human  Xezbeth   www.wikidata.org  drift=0.00ms  proc=0.00ms
27/04/26 15:20:19  INFO 413   bot    Mr.Ibrahembot   ar.wikipedia.org  drift=4.63ms  proc=0.01ms
27/04/26 15:20:19  INFO 414   bot    Mr.Ibrahembot   ar.wikipedia.org  drift=0.01ms  proc=0.00ms
27/04/26 15:20:19  INFO 415   bot    Mr.Ibrahembot   ar.wikipedia.org  drift=12.05ms  proc=0.01ms
27/04/26 15:20:19  INFO 416   human  Armineaghayan   hy.wikipedia.org  drift=12.02ms  proc=0.00ms
27/04/26 15:20:19  INFO 417   bot    CheWikibot   ce.wikipedia.org  drift=4.57ms  proc=0.02ms
27/04/26 15:20:19  INFO 418   human  Jiròni   www.wikidata.org  drift=3.92ms  proc=0.00ms
27/04/26 15:20:19  INFO 419   bot    VWF bot   en.wikipedia.org  drift=0.12ms  proc=0.00ms
27/04/26 15:20:19  INFO 420   bot    Mr.Ibrahembot   www.wikidata.org  drift=3.80ms  proc=0.01ms
27/04/26 15:20:19  INFO [DRIFT final] human p50=1.83ms p90=10.62ms p99=15.94ms misses=76  |  bot p50=1.76ms p90=10.41ms p99=15.49ms misses=114
27/04/26 15:20:19  INFO [SESSION END] runtime=00:00:15  total=420  human=165(39.3%)  bot=255(60.7%)  deadline_misses=0(0.0%)  overflows=0  reconnects=0  degraded_windows=0
