27/04/26 15:19:30  INFO [SESSION START] pipeline=ASYNC  buffer=100  drift_deadline=2ms  watchdog_timeout=10s
27/04/26 15:19:30  INFO [WATCHDOG] Started  timeout=10s
27/04/26 15:19:31  INFO [PIPELINE] Connected to Wikipedia SSE stream  pipeline=async
27/04/26 15:19:32  INFO [PIPELINE] First event received  stream_confirmed_live=true  latency=0.38s
27/04/26 15:19:32  INFO 1     bot    Bot-Jagwar   mg.wiktionary.org  drift=6.02ms  proc=0.01ms
27/04/26 15:19:32  INFO 2     bot    SchlurcherBot   commons.wikimedia.org  drift=9.13ms  proc=0.01ms
27/04/26 15:19:32  INFO 3     bot    DPLA bot   commons.wikimedia.org  drift=15.52ms  proc=0.03ms
27/04/26 15:19:32  INFO 4     human  ~2026-25248-15   tr.wikipedia.org  drift=0.05ms  proc=0.00ms
27/04/26 15:19:33  INFO D1: Allocation proof (boundary=3 owned strings, hot_path includes concurrent thread noise) hot_path_allocs=0 boundary_allocs=3 parse_us=17
27/04/26 15:19:33  INFO 5     bot    Rkieferbot   commons.wikimedia.org  drift=11.30ms  proc=0.01ms
27/04/26 15:19:33  INFO 6     bot    Citation bot   en.wikipedia.org  drift=11.31ms  proc=0.01ms
27/04/26 15:19:33  INFO 7     bot    JJMC89 bot III   en.wikipedia.org  drift=11.25ms  proc=0.00ms
27/04/26 15:19:33  INFO 8     bot    CheWikibot   ce.wikipedia.org  drift=11.21ms  proc=0.00ms
27/04/26 15:19:33  INFO 9     bot    JJMC89 bot III   en.wikipedia.org  drift=11.16ms  proc=0.00ms
27/04/26 15:19:33  INFO 10    human  Riccardo Riccioni   sw.wikipedia.org  drift=11.12ms  proc=0.00ms
27/04/26 15:19:33  INFO 11    human  Cavarrone   en.wikipedia.org  drift=10.95ms  proc=0.00ms
27/04/26 15:19:33  INFO 12    human  Cavarrone   en.wikipedia.org  drift=10.91ms  proc=0.00ms
27/04/26 15:19:33  INFO 13    human  Stephan1000000   de.wikipedia.org  drift=10.87ms  proc=0.00ms
27/04/26 15:19:33  INFO 14    human  Cavarrone   en.wikipedia.org  drift=10.80ms  proc=0.00ms
27/04/26 15:19:33  INFO 15    bot    DOPBot   commons.wikimedia.org  drift=10.75ms  proc=0.00ms
27/04/26 15:19:33  INFO 16    human  Bernhard Diener   www.wikidata.org  drift=10.70ms  proc=0.00ms
27/04/26 15:19:33  INFO 17    human  Mheying   www.wikidata.org  drift=10.64ms  proc=0.00ms
27/04/26 15:19:33  INFO 18    bot    SchlurcherBot   commons.wikimedia.org  drift=10.59ms  proc=0.00ms
27/04/26 15:19:33  INFO 19    bot    SchlurcherBot   commons.wikimedia.org  drift=4.53ms  proc=0.01ms
27/04/26 15:19:33  INFO 20    human  Noce09   it.wikipedia.org  drift=7.84ms  proc=0.01ms
27/04/26 15:19:33  INFO 21    bot    MatSuBot   www.wikidata.org  drift=9.54ms  proc=0.01ms
27/04/26 15:19:33  INFO 22    human  Willtron   an.wikipedia.org  drift=9.59ms  proc=0.00ms
27/04/26 15:19:33  INFO 23    bot    DPLA bot   commons.wikimedia.org  drift=9.55ms  proc=0.00ms
27/04/26 15:19:33  INFO 24    human  Vitaly Zdanevich   commons.wikimedia.org  drift=9.46ms  proc=0.00ms
27/04/26 15:19:33  INFO 25    bot    DPLA bot   commons.wikimedia.org  drift=9.43ms  proc=0.00ms
27/04/26 15:19:33  INFO 26    bot    Rkieferbot   commons.wikimedia.org  drift=9.41ms  proc=0.00ms
27/04/26 15:19:33  INFO 27    bot    DPLA bot   commons.wikimedia.org  drift=9.38ms  proc=0.00ms
27/04/26 15:19:33  INFO 28    bot    DPLA bot   commons.wikimedia.org  drift=9.35ms  proc=0.00ms
27/04/26 15:19:33  INFO 29    bot    Che-W-bot   ce.wikipedia.org  drift=9.31ms  proc=0.00ms
27/04/26 15:19:33  INFO 30    bot    DPLA bot   commons.wikimedia.org  drift=9.28ms  proc=0.00ms
27/04/26 15:19:33  INFO 31    bot    DPLA bot   commons.wikimedia.org  drift=9.25ms  proc=0.00ms
27/04/26 15:19:33  INFO 32    bot    CheWikibot   ce.wikipedia.org  drift=6.12ms  proc=0.01ms
27/04/26 15:19:33  INFO 33    bot    CheWikibot   ce.wikipedia.org  drift=6.10ms  proc=0.00ms
27/04/26 15:19:33  INFO 34    bot    DPLA bot   commons.wikimedia.org  drift=6.05ms  proc=0.00ms
27/04/26 15:19:33  INFO 35    human  Riccardo Riccioni   sw.wikipedia.org  drift=0.06ms  proc=0.00ms
27/04/26 15:19:33  INFO 36    bot    DPLA bot   commons.wikimedia.org  drift=5.20ms  proc=0.01ms
27/04/26 15:19:33  INFO 37    human  Riccardo Riccioni   sw.wikipedia.org  drift=5.19ms  proc=0.00ms
27/04/26 15:19:33  INFO 38    bot    CheWikibot   ce.wikipedia.org  drift=5.21ms  proc=0.00ms
27/04/26 15:19:33  INFO 39    bot    DPLA bot   commons.wikimedia.org  drift=0.07ms  proc=0.00ms
27/04/26 15:19:33  INFO 40    human  Riccardo Riccioni   sw.wikipedia.org  drift=6.34ms  proc=0.01ms
27/04/26 15:19:33  INFO 41    bot    CheWikibot   ce.wikipedia.org  drift=6.28ms  proc=0.00ms
27/04/26 15:19:33  INFO 42    bot    XRayBot   commons.wikimedia.org  drift=6.18ms  proc=0.00ms
27/04/26 15:19:33  INFO 43    human  Vitaly Zdanevich   commons.wikimedia.org  drift=2.78ms  proc=0.01ms
27/04/26 15:19:33  INFO 44    human  Vitaly Zdanevich   commons.wikimedia.org  drift=2.66ms  proc=0.00ms
27/04/26 15:19:33  INFO 45    human  Vitaly Zdanevich   commons.wikimedia.org  drift=9.70ms  proc=0.01ms
27/04/26 15:19:33  INFO 46    human  Krupp-Essen   www.wikidata.org  drift=9.71ms  proc=0.00ms
27/04/26 15:19:33  INFO 47    human  Vitaly Zdanevich   commons.wikimedia.org  drift=11.36ms  proc=0.01ms
27/04/26 15:19:33  INFO 48    human  Vitaly Zdanevich   commons.wikimedia.org  drift=15.03ms  proc=0.01ms
27/04/26 15:19:34  INFO 49    bot    SchlurcherBot   commons.wikimedia.org  drift=1.72ms  proc=0.02ms
27/04/26 15:19:34  INFO 50    human  方的1P   zh.wikipedia.org  drift=1.70ms  proc=0.00ms
27/04/26 15:19:34  INFO 51    bot    OAbot   en.wikipedia.org  drift=0.19ms  proc=0.00ms
27/04/26 15:19:34  INFO 52    human  Naut-rena   www.wikidata.org  drift=0.01ms  proc=0.00ms
27/04/26 15:19:34  INFO 53    bot    Rebot   ca.wikipedia.org  drift=6.66ms  proc=0.01ms
27/04/26 15:19:34  INFO 54    bot    JJMC89 bot III   en.wikipedia.org  drift=6.58ms  proc=0.00ms
27/04/26 15:19:34  INFO 55    human  ~2026-12722-92   vi.wikipedia.org  drift=6.44ms  proc=0.00ms
27/04/26 15:19:34  INFO 56    bot    CheWikibot   ce.wikipedia.org  drift=6.34ms  proc=0.00ms
27/04/26 15:19:34  INFO 57    human  Llez   nl.wikipedia.org  drift=6.22ms  proc=0.00ms
27/04/26 15:19:34  INFO 58    bot    SuperGrey-bot   zh.wikisource.org  drift=6.03ms  proc=0.01ms
27/04/26 15:19:34  INFO 59    bot    DPLA bot   commons.wikimedia.org  drift=5.90ms  proc=0.00ms
27/04/26 15:19:34  INFO 60    bot    SchlurcherBot   commons.wikimedia.org  drift=5.75ms  proc=0.00ms
27/04/26 15:19:34  INFO 61    human  ~2026-25612-41   it.wikipedia.org  drift=0.25ms  proc=0.00ms
27/04/26 15:19:34  INFO 62    human  Naut-rena   www.wikidata.org  drift=4.51ms  proc=0.01ms
27/04/26 15:19:34  INFO 63    bot    CheWikibot   ce.wikipedia.org  drift=6.64ms  proc=0.01ms
27/04/26 15:19:34  INFO 64    human  Cavarrone   en.wikipedia.org  drift=6.56ms  proc=0.00ms
27/04/26 15:19:34  INFO 65    bot    CheWikibot   ce.wikipedia.org  drift=6.06ms  proc=0.01ms
27/04/26 15:19:34  INFO 66    bot    CheWikibot   ce.wikipedia.org  drift=5.93ms  proc=0.00ms
27/04/26 15:19:34  INFO 67    bot    Citation bot   en.wikipedia.org  drift=0.04ms  proc=0.00ms
27/04/26 15:19:34  INFO 68    human  Cavarrone   en.wikipedia.org  drift=2.22ms  proc=0.01ms
27/04/26 15:19:34  INFO 69    bot    CheWikibot   ce.wikipedia.org  drift=2.17ms  proc=0.00ms
27/04/26 15:19:34  INFO 70    human  Cavarrone   en.wikipedia.org  drift=2.07ms  proc=0.00ms
27/04/26 15:19:34  INFO 71    human  Cavarrone   en.wikipedia.org  drift=1.96ms  proc=0.00ms
27/04/26 15:19:34  INFO 72    human  Torque   it.wikipedia.org  drift=1.83ms  proc=0.00ms
27/04/26 15:19:34  INFO 73    bot    ListeriaBot   cy.wikipedia.org  drift=1.77ms  proc=0.00ms
27/04/26 15:19:34  INFO 74    human  Calle Cool   www.wikidata.org  drift=1.60ms  proc=0.00ms
27/04/26 15:19:34  INFO 75    human  Hutch   de.wikipedia.org  drift=1.49ms  proc=0.00ms
27/04/26 15:19:34  INFO 76    bot    JJMC89 bot III   en.wikipedia.org  drift=0.18ms  proc=0.00ms
27/04/26 15:19:35  INFO 77    bot    DPLA bot   commons.wikimedia.org  drift=6.67ms  proc=0.01ms
27/04/26 15:19:35  INFO 78    bot    MatSuBot   www.wikidata.org  drift=8.09ms  proc=0.02ms
27/04/26 15:19:35  INFO 79    bot    DPLA bot   commons.wikimedia.org  drift=1.70ms  proc=0.01ms
27/04/26 15:19:35  INFO 80    bot    DPLA bot   commons.wikimedia.org  drift=0.40ms  proc=0.00ms
27/04/26 15:19:35  INFO 81    bot    JJMC89 bot III   en.wikipedia.org  drift=0.35ms  proc=0.00ms
27/04/26 15:19:35  INFO 82    bot    DPLA bot   commons.wikimedia.org  drift=0.24ms  proc=0.00ms
27/04/26 15:19:35  INFO 83    bot    DPLA bot   commons.wikimedia.org  drift=3.13ms  proc=0.01ms
27/04/26 15:19:35  INFO 84    human  LaraLev33   en.wikipedia.org  drift=2.15ms  proc=0.01ms
27/04/26 15:19:35  INFO 85    bot    DPLA bot   commons.wikimedia.org  drift=2.08ms  proc=0.00ms
27/04/26 15:19:35  INFO 86    bot    DPLA bot   commons.wikimedia.org  drift=2.02ms  proc=0.00ms
27/04/26 15:19:35  INFO 87    bot    DPLA bot   commons.wikimedia.org  drift=1.81ms  proc=0.00ms
27/04/26 15:19:35  INFO 88    bot    DPLA bot   commons.wikimedia.org  drift=1.76ms  proc=0.00ms
27/04/26 15:19:35  INFO 89    bot    SchlurcherBot   commons.wikimedia.org  drift=1.64ms  proc=0.00ms
27/04/26 15:19:35  INFO 90    human  Naut-rena   www.wikidata.org  drift=1.48ms  proc=0.00ms
27/04/26 15:19:35  INFO 91    bot    CheWikibot   ce.wikipedia.org  drift=1.38ms  proc=0.00ms
27/04/26 15:19:35  INFO 92    human  Eowrjfjdjdjr   ko.wikipedia.org  drift=0.04ms  proc=0.00ms
